[    0.000000] Initializing cgroup subsys cpuset
[    0.000000] Initializing cgroup subsys cpu
[    0.000000] Initializing cgroup subsys cpuacct
[    0.000000] Linux version 4.4.0-200-generic (buildd@lgw01-amd64-032) (gcc version 5.4.0 20160609 (Ubuntu 5.4.0-6ubuntu1~16.04.12) ) #232-Ubuntu SMP Wed Jan 13 10:18:39 UTC 2021 (Ubuntu 4.4.0-200.232-generic 4.4.244)
[    0.000000] Command line: BOOT_IMAGE=/boot/vmlinuz-4.4.0-200-generic root=LABEL=cloudimg-rootfs ro console=tty1 console=ttyS0
[    0.000000] KERNEL supported cpus:
[    0.000000]   Intel GenuineIntel
[    0.000000]   AMD AuthenticAMD
[    0.000000]   Centaur CentaurHauls
[    0.000000] x86/fpu: xstate_offset[2]:  576, xstate_sizes[2]:  256
[    0.000000] x86/fpu: Supporting XSAVE feature 0x01: 'x87 floating point registers'
[    0.000000] x86/fpu: Supporting XSAVE feature 0x02: 'SSE registers'
[    0.000000] x86/fpu: Supporting XSAVE feature 0x04: 'AVX registers'
[    0.000000] x86/fpu: Enabled xstate features 0x7, context size is 832 bytes, using 'standard' format.
[    0.000000] e820: BIOS-provided physical RAM map:
[    0.000000] BIOS-e820: [mem 0x0000000000000000-0x000000000009fbff] usable
[    0.000000] BIOS-e820: [mem 0x000000000009fc00-0x000000000009ffff] reserved
[    0.000000] BIOS-e820: [mem 0x00000000000f0000-0x00000000000fffff] reserved
[    0.000000] BIOS-e820: [mem 0x0000000000100000-0x00000000dffeffff] usable
[    0.000000] BIOS-e820: [mem 0x00000000dfff0000-0x00000000dfffffff] ACPI data
[    0.000000] BIOS-e820: [mem 0x00000000fec00000-0x00000000fec00fff] reserved
[    0.000000] BIOS-e820: [mem 0x00000000fee00000-0x00000000fee00fff] reserved
[    0.000000] BIOS-e820: [mem 0x00000000fffc0000-0x00000000ffffffff] reserved
[    0.000000] BIOS-e820: [mem 0x0000000100000000-0x000000021fffffff] usable
[    0.000000] NX (Execute Disable) protection: active
[    0.000000] SMBIOS 2.5 present.
[    0.000000] Hypervisor detected: KVM
[    0.000000] e820: last_pfn = 0x220000 max_arch_pfn = 0x400000000
[    0.000000] MTRR: Disabled
[    0.000000] x86/PAT: MTRRs disabled, skipping PAT initialization too.
[    0.000000] CPU MTRRs all blank - virtualized system.
[    0.000000] x86/PAT: Configuration [0-7]: WB  WT  UC- UC  WB  WT  UC- UC  
[    0.000000] e820: last_pfn = 0xdfff0 max_arch_pfn = 0x400000000
[    0.000000] found SMP MP-table at [mem 0x0009fff0-0x0009ffff] mapped at [ffff88000009fff0]
[    0.000000] Scanning 1 areas for low memory corruption
[    0.000000] RAMDISK: [mem 0x362dc000-0x37165fff]
[    0.000000] ACPI: Early table checksum verification disabled
[    0.000000] ACPI: RSDP 0x00000000000E0000 000024 (v02 VBOX  )
[    0.000000] ACPI: XSDT 0x00000000DFFF0030 00003C (v01 VBOX   VBOXXSDT 00000001 ASL  00000061)
[    0.000000] ACPI: FACP 0x00000000DFFF00F0 0000F4 (v04 VBOX   VBOXFACP 00000001 ASL  00000061)
[    0.000000] ACPI: DSDT 0x00000000DFFF0480 002325 (v02 VBOX   VBOXBIOS 00000002 INTL 20120111)
[    0.000000] ACPI: FACS 0x00000000DFFF0200 000040
[    0.000000] ACPI: FACS 0x00000000DFFF0200 000040
[    0.000000] ACPI: APIC 0x00000000DFFF0240 00006C (v02 VBOX   VBOXAPIC 00000001 ASL  00000061)
[    0.000000] ACPI: SSDT 0x00000000DFFF02B0 0001CC (v01 VBOX   VBOXCPUT 00000002 INTL 20120111)
[    0.000000] No NUMA configuration found
[    0.000000] Faking a node at [mem 0x0000000000000000-0x000000021fffffff]
[    0.000000] NODE_DATA(0) allocated [mem 0x21fff5000-0x21fff9fff]
[    0.000000] kvm-clock: Using msrs 4b564d01 and 4b564d00
[    0.000000] kvm-clock: cpu 0, msr 2:1ffed001, primary cpu clock
[    0.000000] kvm-clock: using sched offset of 3682633039 cycles
[    0.000000] clocksource: kvm-clock: mask: 0xffffffffffffffff max_cycles: 0x1cd42e4dffb, max_idle_ns: 881590591483 ns
[    0.000000] Zone ranges:
[    0.000000]   DMA      [mem 0x0000000000001000-0x0000000000ffffff]
[    0.000000]   DMA32    [mem 0x0000000001000000-0x00000000ffffffff]
[    0.000000]   Normal   [mem 0x0000000100000000-0x000000021fffffff]
[    0.000000]   Device   empty
[    0.000000] Movable zone start for each node
[    0.000000] Early memory node ranges
[    0.000000]   node   0: [mem 0x0000000000001000-0x000000000009efff]
[    0.000000]   node   0: [mem 0x0000000000100000-0x00000000dffeffff]
[    0.000000]   node   0: [mem 0x0000000100000000-0x000000021fffffff]
[    0.000000] Initmem setup node 0 [mem 0x0000000000001000-0x000000021fffffff]
[    0.000000] ACPI: PM-Timer IO Port: 0x4008
[    0.000000] IOAPIC[0]: apic_id 4, version 32, address 0xfec00000, GSI 0-23
[    0.000000] ACPI: INT_SRC_OVR (bus 0 bus_irq 0 global_irq 2 dfl dfl)
[    0.000000] ACPI: INT_SRC_OVR (bus 0 bus_irq 9 global_irq 9 low level)
[    0.000000] Using ACPI (MADT) for SMP configuration information
[    0.000000] smpboot: Allowing 4 CPUs, 0 hotplug CPUs
[    0.000000] PM: Registered nosave memory: [mem 0x00000000-0x00000fff]
[    0.000000] PM: Registered nosave memory: [mem 0x0009f000-0x0009ffff]
[    0.000000] PM: Registered nosave memory: [mem 0x000a0000-0x000effff]
[    0.000000] PM: Registered nosave memory: [mem 0x000f0000-0x000fffff]
[    0.000000] PM: Registered nosave memory: [mem 0xdfff0000-0xdfffffff]
[    0.000000] PM: Registered nosave memory: [mem 0xe0000000-0xfebfffff]
[    0.000000] PM: Registered nosave memory: [mem 0xfec00000-0xfec00fff]
[    0.000000] PM: Registered nosave memory: [mem 0xfec01000-0xfedfffff]
[    0.000000] PM: Registered nosave memory: [mem 0xfee00000-0xfee00fff]
[    0.000000] PM: Registered nosave memory: [mem 0xfee01000-0xfffbffff]
[    0.000000] PM: Registered nosave memory: [mem 0xfffc0000-0xffffffff]
[    0.000000] e820: [mem 0xe0000000-0xfebfffff] available for PCI devices
[    0.000000] Booting paravirtualized kernel on KVM
[    0.000000] clocksource: refined-jiffies: mask: 0xffffffff max_cycles: 0xffffffff, max_idle_ns: 7645519600211568 ns
[    0.000000] setup_percpu: NR_CPUS:512 nr_cpumask_bits:512 nr_cpu_ids:4 nr_node_ids:1
[    0.000000] PERCPU: Embedded 33 pages/cpu @ffff88021fc00000 s95640 r8192 d31336 u524288
[    0.000000] Built 1 zonelists in Node order, mobility grouping on.  Total pages: 2064248
[    0.000000] Policy zone: Normal
[    0.000000] Kernel command line: BOOT_IMAGE=/boot/vmlinuz-4.4.0-200-generic root=LABEL=cloudimg-rootfs ro console=tty1 console=ttyS0
[    0.000000] PID hash table entries: 4096 (order: 3, 32768 bytes)
[    0.000000] Memory: 8156664K/8388152K available (8641K kernel code, 1337K rwdata, 4044K rodata, 1492K init, 1296K bss, 231488K reserved, 0K cma-reserved)
[    0.000000] SLUB: HWalign=64, Order=0-3, MinObjects=0, CPUs=4, Nodes=1
[    0.000000] Kernel/User page tables isolation: enabled
[    0.000000] Hierarchical RCU implementation.
[    0.000000] 	Build-time adjustment of leaf fanout to 64.
[    0.000000] 	RCU restricting CPUs from NR_CPUS=512 to nr_cpu_ids=4.
[    0.000000] RCU: Adjusting geometry for rcu_fanout_leaf=64, nr_cpu_ids=4
[    0.000000] NR_IRQS:33024 nr_irqs:456 16
[    0.000000] Console: colour VGA+ 80x25
[    0.000000] console [tty1] enabled
[    0.000000] console [ttyS0] enabled
[    0.000000] tsc: Detected 2903.998 MHz processor
[    0.311610] Calibrating delay loop (skipped) preset value.. 5807.99 BogoMIPS (lpj=11615992)
[    0.314070] pid_max: default: 32768 minimum: 301
[    0.315188] ACPI: Core revision 20150930
[    0.317290] ACPI: 2 ACPI AML tables successfully acquired and loaded
[    0.318988] Security Framework initialized
[    0.319916] Yama: becoming mindful.
[    0.320704] AppArmor: AppArmor initialized
[    0.323586] Dentry cache hash table entries: 1048576 (order: 11, 8388608 bytes)
[    0.331216] Inode-cache hash table entries: 524288 (order: 10, 4194304 bytes)
[    0.334833] Mount-cache hash table entries: 16384 (order: 5, 131072 bytes)
[    0.336750] Mountpoint-cache hash table entries: 16384 (order: 5, 131072 bytes)
[    0.339852] Initializing cgroup subsys io
[    0.340742] Initializing cgroup subsys memory
[    0.341675] Initializing cgroup subsys devices
[    0.342747] Initializing cgroup subsys freezer
[    0.344093] Initializing cgroup subsys net_cls
[    0.344999] Initializing cgroup subsys perf_event
[    0.346046] Initializing cgroup subsys net_prio
[    0.346963] Initializing cgroup subsys hugetlb
[    0.348062] Initializing cgroup subsys pids
[    0.361058] mce: CPU supports 0 MCE banks
[    0.362398] Last level iTLB entries: 4KB 64, 2MB 8, 4MB 8
[    0.363945] Last level dTLB entries: 4KB 64, 2MB 0, 4MB 0, 1GB 4
[    0.366232] Spectre V1 : Mitigation: usercopy/swapgs barriers and __user pointer sanitization
[    0.368861] Spectre V2 : Mitigation: Full generic retpoline
[    0.370317] Spectre V2 : Spectre v2 / SpectreRSB mitigation: Filling RSB on context switch
[    0.372547] Speculative Store Bypass: Vulnerable
[    0.373993] SRBDS: Unknown: Dependent on hypervisor status
[    0.375655] MDS: Mitigation: Clear CPU buffers
[    0.379266] Freeing SMP alternatives memory: 36K
[    0.386243] ftrace: allocating 32360 entries in 127 pages
[    0.443675] smpboot: APIC(0) Converting physical 0 to logical package 0
[    0.445137] smpboot: Max logical packages: 1
[    0.446233] x2apic enabled
[    0.447062] Switched APIC routing to physical x2apic.
[    0.449064] ..TIMER: vector=0x30 apic1=0 pin1=2 apic2=-1 pin2=-1
[    0.558360] smpboot: CPU0: Intel(R) Core(TM) i7-7820HQ CPU @ 2.90GHz (family: 0x6, model: 0x9e, stepping: 0x9)
[    0.561117] Performance Events: unsupported p6 CPU model 158 no PMU driver, software events only.
[    0.574005] KVM setup paravirtual spinlock
[    0.576533] x86: Booting SMP configuration:
[    0.577782] .... node  #0, CPUs:      #1
[    0.578773] kvm-clock: cpu 1, msr 2:1ffed041, secondary cpu clock
[    0.592234] mce: CPU supports 0 MCE banks
[    0.595330]  #2
[    0.595914] kvm-clock: cpu 2, msr 2:1ffed081, secondary cpu clock
[    0.609493] mce: CPU supports 0 MCE banks
[    0.612656]  #3
[    0.613461] kvm-clock: cpu 3, msr 2:1ffed0c1, secondary cpu clock
[    0.627425] mce: CPU supports 0 MCE banks
[    0.630522] x86: Booted up 1 node, 4 CPUs
[    0.631552] smpboot: Total of 4 processors activated (23231.98 BogoMIPS)
[    0.634709] devtmpfs: initialized
[    0.637798] evm: security.selinux
[    0.638681] evm: security.SMACK64
[    0.639563] evm: security.SMACK64EXEC
[    0.640537] evm: security.SMACK64TRANSMUTE
[    0.641629] evm: security.SMACK64MMAP
[    0.642425] evm: security.ima
[    0.643152] evm: security.capability
[    0.644161] clocksource: jiffies: mask: 0xffffffff max_cycles: 0xffffffff, max_idle_ns: 7645041785100000 ns
[    0.646482] futex hash table entries: 1024 (order: 4, 65536 bytes)
[    0.647943] pinctrl core: initialized pinctrl subsystem
[    0.649345] RTC time:  1:30:30, date: 01/20/21
[    0.650868] NET: Registered protocol family 16
[    0.662538] cpuidle: using governor ladder
[    0.674787] cpuidle: using governor menu
[    0.676178] PCCT header not found.
[    0.677533] ACPI: bus type PCI registered
[    0.678936] acpiphp: ACPI Hot Plug PCI Controller Driver version: 0.5
[    0.680789] PCI: Using configuration type 1 for base access
[    0.696425] ACPI: Added _OSI(Module Device)
[    0.697736] ACPI: Added _OSI(Processor Device)
[    0.698774] ACPI: Added _OSI(3.0 _SCP Extensions)
[    0.699926] ACPI: Added _OSI(Processor Aggregator Device)
[    0.701791] ACPI: Executed 1 blocks of module-level executable AML code
[    0.705753] ACPI: Interpreter enabled
[    0.708824] ACPI: (supports S0 S5)
[    0.709999] ACPI: Using IOAPIC for interrupt routing
[    0.711797] PCI: Using host bridge windows from ACPI; if necessary, use "pci=nocrs" and report a bug
[    0.719302] ACPI: PCI Root Bridge [PCI0] (domain 0000 [bus 00-ff])
[    0.721214] acpi PNP0A03:00: _OSC: OS supports [ASPM ClockPM Segments MSI]
[    0.723672] acpi PNP0A03:00: _OSC: not requesting OS control; OS requires [ExtendedConfig ASPM ClockPM MSI]
[    0.726659] acpi PNP0A03:00: fail to add MMCONFIG information, can't access extended PCI configuration space under this bridge.
[    0.737421] PCI host bridge to bus 0000:00
[    0.738841] pci_bus 0000:00: root bus resource [io  0x0000-0x0cf7 window]
[    0.740251] pci_bus 0000:00: root bus resource [io  0x0d00-0xffff window]
[    0.742010] pci_bus 0000:00: root bus resource [mem 0x000a0000-0x000bffff window]
[    0.743947] pci_bus 0000:00: root bus resource [mem 0xe0000000-0xfdffffff window]
[    0.745742] pci_bus 0000:00: root bus resource [bus 00-ff]
[    0.749162] pci 0000:00:01.1: legacy IDE quirk: reg 0x10: [io  0x01f0-0x01f7]
[    0.750911] pci 0000:00:01.1: legacy IDE quirk: reg 0x14: [io  0x03f6]
[    0.752738] pci 0000:00:01.1: legacy IDE quirk: reg 0x18: [io  0x0170-0x0177]
[    0.754144] pci 0000:00:01.1: legacy IDE quirk: reg 0x1c: [io  0x0376]
[    0.827199] pci 0000:00:07.0: quirk: [io  0x4000-0x403f] claimed by PIIX4 ACPI
[    0.828936] pci 0000:00:07.0: quirk: [io  0x4100-0x410f] claimed by PIIX4 SMB
[    0.878129] ACPI: PCI Interrupt Link [LNKA] (IRQs 5 9 10 *11)
[    0.880015] ACPI: PCI Interrupt Link [LNKB] (IRQs 5 9 *10 11)
[    0.882131] ACPI: PCI Interrupt Link [LNKC] (IRQs 5 *9 10 11)
[    0.884172] ACPI: PCI Interrupt Link [LNKD] (IRQs 5 9 10 *11)
[    0.885774] ACPI: Enabled 2 GPEs in block 00 to 07
[    0.887183] vgaarb: setting as boot device: PCI:0000:00:02.0
[    0.888917] vgaarb: device added: PCI:0000:00:02.0,decodes=io+mem,owns=io+mem,locks=none
[    0.891507] vgaarb: loaded
[    0.892255] vgaarb: bridge control possible 0000:00:02.0
[    0.894621] SCSI subsystem initialized
[    0.895845] ACPI: bus type USB registered
[    0.897142] usbcore: registered new interface driver usbfs
[    0.898681] usbcore: registered new interface driver hub
[    0.899777] usbcore: registered new device driver usb
[    0.901292] PCI: Using ACPI for IRQ routing
[    0.902632] NetLabel: Initializing
[    0.903432] NetLabel:  domain hash size = 128
[    0.904413] NetLabel:  protocols = UNLABELED CIPSOv4
[    0.905707] NetLabel:  unlabeled traffic allowed by default
[    0.907024] amd_nb: Cannot enumerate AMD northbridges
[    0.908209] clocksource: Switched to clocksource kvm-clock
[    0.917101] AppArmor: AppArmor Filesystem Enabled
[    0.918431] pnp: PnP ACPI init
[    0.920296] pnp: PnP ACPI: found 3 devices
[    0.930972] clocksource: acpi_pm: mask: 0xffffff max_cycles: 0xffffff, max_idle_ns: 2085701024 ns
[    0.933203] NET: Registered protocol family 2
[    0.935995] TCP established hash table entries: 65536 (order: 7, 524288 bytes)
[    0.938287] TCP bind hash table entries: 65536 (order: 8, 1048576 bytes)
[    0.939990] TCP: Hash tables configured (established 65536 bind 65536)
[    0.941490] UDP hash table entries: 4096 (order: 5, 131072 bytes)
[    0.942996] UDP-Lite hash table entries: 4096 (order: 5, 131072 bytes)
[    0.945634] NET: Registered protocol family 1
[    0.946612] pci 0000:00:00.0: Limiting direct PCI/PCI transfers
[    0.947932] pci 0000:00:01.0: Activating ISA DMA hang workarounds
[    0.949597] Unpacking initramfs...
[    1.161139] Freeing initrd memory: 14888K
[    1.162399] PCI-DMA: Using software bounce buffering for IO (SWIOTLB)
[    1.164280] software IO TLB: mapped [mem 0xdbff0000-0xdfff0000] (64MB)
[    1.165753] clocksource: tsc: mask: 0xffffffffffffffff max_cycles: 0x29dc03c1beb, max_idle_ns: 440795205215 ns
[    1.167769] platform rtc_cmos: registered platform RTC device (no PNP device found)
[    1.169560] Scanning for low memory corruption every 60 seconds
[    1.171646] audit: initializing netlink subsys (disabled)
[    1.172960] audit: type=2000 audit(1611106236.060:1): initialized
[    1.174413] Initialise system trusted keyring
[    1.175607] HugeTLB registered 2 MB page size, pre-allocated 0 pages
[    1.177932] zbud: loaded
[    1.178874] VFS: Disk quotas dquot_6.6.0
[    1.179756] VFS: Dquot-cache hash table entries: 512 (order 0, 4096 bytes)
[    1.181359] squashfs: version 4.0 (2009/01/31) Phillip Lougher
[    1.182853] fuse init (API version 7.23)
[    1.184068] Key type big_key registered
[    1.185134] Allocating IMA MOK and blacklist keyrings.
[    1.187723] Key type asymmetric registered
[    1.188841] Asymmetric key parser 'x509' registered
[    1.189900] Block layer SCSI generic (bsg) driver version 0.4 loaded (major 249)
[    1.191557] io scheduler noop registered
[    1.192655] io scheduler deadline registered (default)
[    1.194148] io scheduler cfq registered
[    1.195170] pci_hotplug: PCI Hot Plug PCI Core version: 0.5
[    1.196291] pciehp: PCI Express Hot Plug Controller Driver version: 0.4
[    1.197950] ACPI: AC Adapter [AC] (on-line)
[    1.198900] input: Power Button as /devices/LNXSYSTM:00/LNXPWRBN:00/input/input0
[    1.200503] ACPI: Power Button [PWRF]
[    1.201392] input: Sleep Button as /devices/LNXSYSTM:00/LNXSLPBN:00/input/input1
[    1.202958] ACPI: Sleep Button [SLPF]
[    1.204095] GHES: HEST is not enabled!
[    1.205323] ACPI: Battery Slot [BAT0] (battery present)
[    1.206717] Serial: 8250/16550 driver, 32 ports, IRQ sharing enabled
[    1.229081] 00:02: ttyS0 at I/O 0x3f8 (irq = 4, base_baud = 115200) is a 16550A
[    1.235999] Linux agpgart interface v0.103
[    1.239252] loop: module loaded
[    1.240822] scsi host0: ata_piix
[    1.241743] scsi host1: ata_piix
[    1.242514] ata1: PATA max UDMA/33 cmd 0x1f0 ctl 0x3f6 bmdma 0xd000 irq 14
[    1.243862] ata2: PATA max UDMA/33 cmd 0x170 ctl 0x376 bmdma 0xd008 irq 15
[    1.245325] libphy: Fixed MDIO Bus: probed
[    1.246296] tun: Universal TUN/TAP device driver, 1.6
[    1.247329] tun: (C) 1999-2004 Max Krasnyansky <maxk@qualcomm.com>
[    1.248695] PPP generic driver version 2.4.2
[    1.250237] ehci_hcd: USB 2.0 'Enhanced' Host Controller (EHCI) Driver
[    1.251959] ehci-pci: EHCI PCI platform driver
[    1.252936] ehci-platform: EHCI generic platform driver
[    1.254014] ohci_hcd: USB 1.1 'Open' Host Controller (OHCI) Driver
[    1.255233] ohci-pci: OHCI PCI platform driver
[    1.256168] ohci-platform: OHCI generic platform driver
[    1.257273] uhci_hcd: USB Universal Host Controller Interface driver
[    1.258565] i8042: PNP: PS/2 Controller [PNP0303:PS2K,PNP0f03:PS2M] at 0x60,0x64 irq 1,12
[    1.260659] serio: i8042 KBD port at 0x60,0x64 irq 1
[    1.261744] serio: i8042 AUX port at 0x60,0x64 irq 12
[    1.263005] mousedev: PS/2 mouse device common for all mice
[    1.264734] input: AT Translated Set 2 keyboard as /devices/platform/i8042/serio0/input/input2
[    1.267084] rtc_cmos rtc_cmos: rtc core: registered rtc_cmos as rtc0
[    1.268387] rtc_cmos rtc_cmos: alarms up to one day, 114 bytes nvram
[    1.269719] i2c /dev entries driver
[    1.270518] device-mapper: uevent: version 1.0.3
[    1.271652] device-mapper: ioctl: 4.34.0-ioctl (2015-10-28) initialised: dm-devel@redhat.com
[    1.274064] ledtrig-cpu: registered to indicate activity on CPUs
[    1.276053] NET: Registered protocol family 10
[    1.277658] NET: Registered protocol family 17
[    1.278972] Key type dns_resolver registered
[    1.280460] registered taskstats version 1
[    1.281349] Loading compiled-in X.509 certificates
[    1.282915] Loaded X.509 cert 'Build time autogenerated kernel key: d37465c24ef3fae6c7088e8c56d8ac7755b77486'
[    1.287001] zswap: loaded using pool lzo/zbud
[    1.289771] Key type trusted registered
[    1.294107] Key type encrypted registered
[    1.295003] AppArmor: AppArmor sha1 policy hashing enabled
[    1.296259] ima: No TPM chip found, activating TPM-bypass!
[    1.297480] ima: Allocated hash algorithm: sha1
[    1.298444] evm: HMAC attrs: 0x1
[    1.299643]   Magic number: 5:53:509
[    1.300600] ata_piix 0000:00:01.1: hash matches
[    1.301926] rtc_cmos rtc_cmos: setting system clock to 2021-01-20 01:30:30 UTC (1611106230)
[    1.303881] BIOS EDD facility v0.16 2004-Jun-25, 0 devices found
[    1.305264] EDD information not available.
[    1.426946] Freeing unused kernel memory: 1492K
[    1.428379] Write protecting the kernel read-only data: 14336k
[    1.430207] Freeing unused kernel memory: 1588K
[    1.431443] Freeing unused kernel memory: 52K
Loading, please wait...
starting version 229
[    1.446965] random: systemd-udevd: uninitialized urandom read (16 bytes read, 3 bits of entropy available)
[    1.449633] random: udevadm: uninitialized urandom read (16 bytes read, 3 bits of entropy available)
[    1.449659] random: udevadm: uninitialized urandom read (16 bytes read, 3 bits of entropy available)
[    1.455016] random: systemd-udevd: uninitialized urandom read (16 bytes read, 3 bits of entropy available)
[    1.457122] random: systemd-udevd: uninitialized urandom read (16 bytes read, 3 bits of entropy available)
[    1.457191] random: udevadm: uninitialized urandom read (16 bytes read, 3 bits of entropy available)
[    1.457237] random: udevadm: uninitialized urandom read (16 bytes read, 3 bits of entropy available)
[    1.457473] random: udevadm: uninitialized urandom read (16 bytes read, 3 bits of entropy available)
[    1.457550] random: udevadm: uninitialized urandom read (16 bytes read, 3 bits of entropy available)
[    1.457603] random: udevadm: uninitialized urandom read (16 bytes read, 3 bits of entropy available)
[    1.499914] e1000: Intel(R) PRO/1000 Network Driver - version 7.3.21-k8-NAPI
[    1.499919] Fusion MPT base driver 3.04.20
[    1.499919] Copyright (c) 1999-2008 LSI Corporation
[    1.505148] e1000: Copyright (c) 1999-2006 Intel Corporation.
[    1.522690] Fusion MPT SPI Host driver 3.04.20
[    1.523997] AVX2 version of gcm_enc/dec engaged.
[    1.525542] AES CTR mode by8 optimization enabled
[    1.721146] input: ImExPS/2 Generic Explorer Mouse as /devices/platform/i8042/serio1/input/input4
[    1.895212] e1000 0000:00:03.0 eth0: (PCI:33MHz:32-bit) 02:70:03:f6:9b:c7
[    1.897332] e1000 0000:00:03.0 eth0: Intel(R) PRO/1000 Network Connection
[    3.070586] e1000 0000:00:08.0 eth1: (PCI:33MHz:32-bit) 08:00:27:41:35:d7
[    3.071974] e1000 0000:00:08.0 eth1: Intel(R) PRO/1000 Network Connection
[    3.074460] mptbase: ioc0: Initiating bringup
[    3.075942] e1000 0000:00:08.0 enp0s8: renamed from eth1
[    3.097235] e1000 0000:00:03.0 enp0s3: renamed from eth0
[    3.141033] ioc0: LSI53C1030 A0: Capabilities={Initiator}
[    4.667846] scsi host2: ioc0: LSI53C1030 A0, FwRev=00000000h, Ports=1, MaxQ=256, IRQ=20
[    5.416292] scsi 2:0:0:0: Direct-Access     VBOX     HARDDISK         1.0  PQ: 0 ANSI: 5
[    5.419588] scsi target2:0:0: Beginning Domain Validation
[    5.424545] scsi target2:0:0: Domain Validation skipping write tests
[    5.426821] scsi target2:0:0: Ending Domain Validation
[    5.428325] scsi target2:0:0: asynchronous
[    5.430029] scsi 2:0:1:0: Direct-Access     VBOX     HARDDISK         1.0  PQ: 0 ANSI: 5
[    5.432018] scsi target2:0:1: Beginning Domain Validation
[    5.435185] scsi target2:0:1: Domain Validation skipping write tests
[    5.436624] scsi target2:0:1: Ending Domain Validation
[    5.437841] scsi target2:0:1: asynchronous
[    5.446295] sd 2:0:0:0: Attached scsi generic sg0 type 0
[    5.446436] sd 2:0:0:0: [sda] 125829120 512-byte logical blocks: (64.4 GB/60.0 GiB)
[    5.446720] sd 2:0:0:0: [sda] Write Protect is off
[    5.446886] sd 2:0:0:0: [sda] Incomplete mode parameter data
[    5.446888] sd 2:0:0:0: [sda] Assuming drive cache: write through
[    5.448287]  sda: sda1
[    5.449314] sd 2:0:0:0: [sda] Attached SCSI disk
[    5.455380] sd 2:0:1:0: Attached scsi generic sg1 type 0
[    5.455631] sd 2:0:1:0: [sdb] 20480 512-byte logical blocks: (10.5 MB/10.0 MiB)
[    5.455954] sd 2:0:1:0: [sdb] Write Protect is off
[    5.456138] sd 2:0:1:0: [sdb] Incomplete mode parameter data
[    5.456139] sd 2:0:1:0: [sdb] Assuming drive cache: write through
[    5.458893] sd 2:0:1:0: [sdb] Attached SCSI disk
Begin: Loading essential drivers ... [    6.750598] md: linear personality registered for level -1
[    6.755340] md: multipath personality registered for level -4
[    6.758953] md: raid0 personality registered for level 0
[    6.764557] md: raid1 personality registered for level 1
[    6.838235] raid6: sse2x1   gen() 12150 MB/s
[    6.904806] raid6: sse2x1   xor()  8948 MB/s
[    6.972587] raid6: sse2x2   gen() 14208 MB/s
[    7.040345] raid6: sse2x2   xor()  9799 MB/s
[    7.111985] raid6: sse2x4   gen() 17374 MB/s
[    7.180359] raid6: sse2x4   xor() 11146 MB/s
[    7.250471] raid6: avx2x1   gen() 21445 MB/s
[    7.316824] raid6: avx2x2   gen() 26444 MB/s
[    7.384539] raid6: avx2x4   gen() 29601 MB/s
[    7.385969] raid6: using algorithm avx2x4 gen() 29601 MB/s
[    7.387681] raid6: using avx2x2 recovery algorithm
[    7.390331] xor: automatically using best checksumming function:
[    7.428736]    avx       : 25730.000 MB/sec
[    7.431300] async_tx: api initialized (async)
[    7.446591] md: raid6 personality registered for level 6
[    7.448185] md: raid5 personality registered for level 5
[    7.449801] md: raid4 personality registered for level 4
[    7.459078] md: raid10 personality registered for level 10
done.
Begin: Running /scripts/init-premount ... done.
Begin: Mounting root file system ... Begin: Running /scripts/local-top ... done.
Begin: Running /scripts/local-premount ... [    7.495699] Btrfs loaded
Scanning for Btrfs filesystems
done.
Warning: fsck not present, so skipping root file system
[    7.527189] EXT4-fs (sda1): mounted filesystem with ordered data mode. Opts: (null)
done.
Begin: Running /scripts/local-bottom ... done.
Begin: Running /scripts/init-bottom ... done.
[    7.601944] systemd[1]: systemd 229 running in system mode. (+PAM +AUDIT +SELINUX +IMA +APPARMOR +SMACK +SYSVINIT +UTMP +LIBCRYPTSETUP +GCRYPT +GNUTLS +ACL +XZ -LZ4 +SECCOMP +BLKID +ELFUTILS +KMOD -IDN)
[    7.605625] systemd[1]: Detected virtualization oracle.
[    7.606682] systemd[1]: Detected architecture x86-64.

Welcome to [1mUbuntu 16.04.7 LTS[0m!

[    7.610741] systemd[1]: Set hostname to <app>.
[    8.514197] systemd[1]: Reached target System Time Synchronized.
[[0;32m  OK  [0m] Reached target System Time Synchronized.
[    8.516742] systemd[1]: Listening on Journal Socket.
[[0;32m  OK  [0m] Listening on Journal Socket.
[    8.518705] systemd[1]: Reached target User and Group Name Lookups.
[[0;32m  OK  [0m] Reached target User and Group Name Lookups.
[    8.521444] systemd[1]: Set up automount Arbitrary Executable File Formats File System Automount Point.
[[0;32m  OK  [0m] Set up automount Arbitrary Executab...ats File System Automount Point.
[    8.524722] systemd[1]: Listening on udev Control Socket.
[[0;32m  OK  [0m] Listening on udev Control Socket.
[    8.527256] systemd[1]: Created slice System Slice.
[[0;32m  OK  [0m] Created slice System Slice.
[    9.088584] systemd[1]: Starting Create list of required static device nodes for the current kernel...
         Starting Create list of required st... nodes for the current kernel...
[    9.095144] systemd[1]: Starting Load Kernel Modules...
         Starting Load Kernel Modules...
[    9.103247] Loading iSCSI transport class v2.0-870.
[    9.105321] systemd[1]: Mounting Debug File System...
         Mounting Debug File System...
[    9.108515] systemd[1]: Mounting Huge Pages File System...
         Mounting Huge Pages File System...
[    9.111818] iscsi: registered transport (tcp)
[    9.112376] systemd[1]: Starting Uncomplicated firewall...
         Starting Uncomplicated firewall...
[    9.116150] systemd[1]: Starting Nameserver information manager...
         Starting Nameserver information manager...
[    9.125406] systemd[1]: Starting Set console keymap...
         Starting Set console keymap...
[    9.129803] systemd[1]: Starting Remount Root and Kernel File Systems...
         Starting Remount Root and Kernel File Systems...
[    9.133252] systemd[1]: Reached target Swap.
[[0;32m  OK  [0m] Reached target Swap.
[    9.135167] EXT4-fs (sda1): re-mounted. Opts: (null)
[    9.135270] systemd[1]: Started Forward Password Requests to Wall Directory Watch.
[[0;32m  OK  [0m] Started Forward Password Requests to Wall Directory Watch.
[    9.144676] systemd[1]: Listening on Journal Audit Socket.
[    9.146393] iscsi: registered transport (iser)
[[0;32m  OK  [0m] Listening on Journal Audit Socket.
[    9.148342] systemd[1]: Created slice system-serial\x2dgetty.slice.
[[0;32m  OK  [0m] Created slice system-serial\x2dgetty.slice.
[    9.151513] systemd[1]: Created slice User and Session Slice.
[[0;32m  OK  [0m] Created slice User and Session Slice.
[    9.160983] systemd[1]: Listening on Syslog Socket.
[[0;32m  OK  [0m] Listening on Syslog Socket.
[    9.164215] systemd[1]: Listening on LVM2 poll daemon socket.
[[0;32m  OK  [0m] Listening on LVM2 poll daemon socket.
[    9.166803] systemd[1]: Listening on LVM2 metadata daemon socket.
[[0;32m  OK  [0m] Listening on LVM2 metadata daemon socket.
[    9.169234] systemd[1]: Listening on /dev/initctl Compatibility Named Pipe.
[[0;32m  OK  [0m] Listening on /dev/initctl Compatibility Named Pipe.
[    9.171898] systemd[1]: Started Trigger resolvconf update for networkd DNS.
[[0;32m  OK  [0m] Started Trigger resolvconf update for networkd DNS.
[    9.174723] systemd[1]: Listening on Device-mapper event daemon FIFOs.
[[0;32m  OK  [0m] Listening on Device-mapper event daemon FIFOs.
[    9.189786] systemd[1]: Starting Monitoring of LVM2 mirrors, snapshots etc. using dmeventd or progress polling...
         Starting Monitoring of LVM2 mirrors... dmeventd or progress polling...
[    9.201996] systemd[1]: Reached target Encrypted Volumes.
[[0;32m  OK  [0m] Reached target Encrypted Volumes.
[    9.205135] systemd[1]: Mounting POSIX Message Queue File System...
         Mounting POSIX Message Queue File System...
[    9.207547] systemd[1]: Listening on Journal Socket (/dev/log).
[[0;32m  OK  [0m] Listening on Journal Socket (/dev/log).
[    9.217206] systemd[1]: Listening on udev Kernel Socket.
[[0;32m  OK  [0m] Listening on udev Kernel Socket.
[    9.219940] systemd[1]: Reached target Slices.
[[0;32m  OK  [0m] Reached target Slices.
[    9.222528] systemd[1]: Starting Journal Service...
         Starting Journal Service...
[    9.227606] systemd[1]: Mounted Debug File System.
[[0;32m  OK  [0m] Mounted Debug File System.
[    9.237189] systemd[1]: Mounted Huge Pages File System.
[[0;32m  OK  [0m] Mounted Huge Pages File System.
[    9.245220] systemd[1]: Mounted POSIX Message Queue File System.
[[0;32m  OK  [0m] Mounted POSIX Message Queue File System.
[    9.252539] systemd[1]: Started Journal Service.
[[0;32m  OK  [0m] Started Journal Service.
[[0;32m  OK  [0m] Started Create list of required sta...ce nodes for the current kernel.
[[0;32m  OK  [0m] Started Load Kernel Modules.
[[0;32m  OK  [0m] Started Uncomplicated firewall.
[[0;32m  OK  [0m] Started Set console keymap.
[[0;32m  OK  [0m] Started Remount Root and Kernel File Systems.
[[0;32m  OK  [0[    9.294470] random: nonblocking pool is initialized
m] Started Nameserver information manager.
[[0;32m  OK  [0m] Started LVM2 metadata daemon.
         Starting udev Coldplug all Devices...
         Starting Load/Save Random Seed...
         Starting Apply Kernel Variables...
         Mounting FUSE Control File System...
         Starting Create Static Device Nodes in /dev...
         Starting Flush Journal to Persistent Storage...
[[0;32m  OK  [0m] Mounted FUSE Control File System.
[[0;32m  OK  [0m] Started Load/Save Random Seed.
[[0;32m  OK  [0m] Started Apply Kernel Variables.
[[0;32m  OK  [0m] Started Create Static Device Nodes in /dev.
         Starting udev Kernel Device Manager...
[[0;32m  OK  [0m] Started Flush Journal to Persistent Storage.
[[0;32m  OK  [0m] Started udev Coldplug all Devices.
[[0;32m  OK  [0m] Started udev Kernel Device Manager.
[[0;32m  OK  [0m] Started Dispatch Password Requests to Console Directory Watch.
[[0;32m  OK  [0m] Found device /dev/ttyS0.
[[0;32m  OK  [0m] Listening on Load/Save RF Kill Switch Status /dev/rfkill Watch.
[[0;32m  OK  [0m] Found device 82540EM Gigabit Ethern...r (PRO/1000 MT Desktop Adapter).
[[0;32m  OK  [0m] Found device 82540EM Gigabit Ethern...r (PRO/1000 MT Desktop Adapter).
[[0;32m  OK  [0m] Started Monitoring of LVM2 mirrors,...ng dmeventd or progress polling.
[[0;32m  OK  [0m] Reached target Local File Systems (Pre).
         Mounting /vagrant...
[[0;32m  OK  [0m] Reached target Local File Systems.
         Starting Create Volatile Files and Directories...
         Starting Tell Plymouth To Write Out Runtime Data...
         Starting Initial cloud-init job (pre-networking)...
         Starting Set console font and keymap...
         Starting LSB: AppArmor initialization...
[[0;1;31mFAILED[0m] Failed to mount /vagrant.
See 'systemctl status vagrant.mount' for details.
[[0;32m  OK  [0m] Started Create Volatile Files and Directories.
[[0;32m  OK  [0m] Started Tell Plymouth To Write Out Runtime Data.
         Starting Update UTMP about System Boot/Shutdown...
[[0;32m  OK  [0m] Started Update UTMP about System Boot/Shutdown.
[[0;32m  OK  [0m] Started LSB: AppArmor initialization.
         Starting Load AppArmor profiles managed internally by snapd...
[[0;32m  OK  [0m] Started Load AppArmor profiles managed internally by snapd.
[[0;32m  OK  [0m] Started Set console font and keymap.
[[0;32m  OK  [0m] Created slice system-getty.slice.
[   10.253814] cloud-init[664]: Cloud-init v. 20.4-0ubuntu1~16.04.2 running 'init-local' at Wed, 20 Jan 2021 01:30:39 +0000. Up 10.04 seconds.
[[0;32m  OK  [0m] Started Initial cloud-init job (pre-networking).
[[0;32m  OK  [0m] Reached target Network (Pre).
         Starting Raise network interfaces...
[[0;32m  OK  [0m] Started ifup for enp0s8.
[[0;32m  OK  [0m] Started ifup for enp0s3.
[[0;32m  OK  [0m] Started Raise network interfaces.
         Starting Initial cloud-init job (metadata service crawler)...
[[0;32m  OK  [0m] Reached target Network.
[   10.930457] cloud-init[1095]: Cloud-init v. 20.4-0ubuntu1~16.04.2 running 'init' at Wed, 20 Jan 2021 01:30:40 +0000. Up 10.74 seconds.
[   10.940993] cloud-init[1095]: ci-info: ++++++++++++++++++++++++++++++++++++++Net device info+++++++++++++++++++++++++++++++++++++++
[   10.942441] cloud-init[1095]: ci-info: +--------+------+-----------------------------+---------------+--------+-------------------+
[   10.949274] cloud-init[1095]: ci-info: | Device |  Up  |           Address           |      Mask     | Scope  |     Hw-Address    |
[   10.956476] cloud-init[1095]: ci-info: +--------+------+-----------------------------+---------------+--------+-------------------+
[   10.968365] [cloud-init[0;32m  OK  [0m[1095]: ] ci-info: | enp0s3 | True |          10.0.2.15          | 255.255.255.0 | global | 02:70:03:f6:9b:c7 |Started Initial cloud-init job (metadata service crawler).

[[   10.968638] [0;32m  OK  [0mcloud-init] [1095]: Reached target System Initialization.ci-info: | enp0s3 | True |  fe80::70:3ff:fef6:9bc7/64  |       .       |  link  | 02:70:03:f6:9b:c7 |

[   10.972593]          cloud-initStarting Docker Socket for the API.[1095]: 
ci-info: | enp0s8 | True |        192.168.50.10        | 255.255.255.0 | global | 08:00:27:41:35:d7 |
[   10.974453] cloud-init[1095]: ci-info: | enp0s8 | True | fe80::a00:27ff:fe41:35d7/64 |       .       |  link  | 08:00:27:41:35:d7 |
[   10.976445] cloud-init[1095]: ci-info: |   lo   | True |          127.0.0.1          |   255.0.0.0   |  host  |         .         |         
Starting LXD - unix socket.
[   10.976679] cloud-init[1095]: ci-info: |   lo   | True |           ::1/128           |       .       |  host  |         .         |
[   10.988828] cloud-init[1095]: ci-info: +--------+------+-----------------------------+---------------+--------+-------------------+[
[0;32m  OK  [0m] Started Daily apt download activities.
[   10.989041] cloud-init[1095]: ci-info: ++++++++++++++++++++++++++++Route IPv4 info++++++++++++++++++++++++++++
[[0;32m  OK  [0m] Started Daily Cleanup of Temporary Directories.
[   10.989751] cloud-init[1095]: ci-info: +-------+--------------+----------+---------------+-----------+-------+
[   10.993915] cloud-init[[1095]: [0;32m  OK  [0mci-info: | Route | Destination  | Gateway  |    Genmask    | Interface | Flags |] 
Started ACPI Events Check.
[[   10.994231] [0;32m  OK  [0mcloud-init] [1095]: Reached target Paths.ci-info: +-------+--------------+----------+---------------+-----------+-------+

[[0;32m  OK  [0m] Listening on D-Bus System Message Bus Socket.
[   11.005044] cloud-init[1095]: ci-info: |   0   |   0.0.0.0    | 10.0.2.2 |    0.0.0.0    |   enp0s3  |   UG  |
[   11.007131] cloud-init[[1095]: [0;32m  OK  [0mci-info: |   1   |   10.0.2.0   | 0.0.0.0  | 255.255.255.0 |   enp0s3  |   U   |] 
Listening on ACPID Listen Socket.
[[   11.007391] [0;32m  OK  [0mcloud-init] [1095]: Listening on UUID daemon activation socket.ci-info: |   2   | 192.168.50.0 | 0.0.0.0  | 255.255.255.0 |   enp0s8  |   U   |

[   11.010694] [cloud-init[0;32m  OK  [0m[1095]: ] ci-info: +-------+--------------+----------+---------------+-----------+-------+Started Message of the Day.

[[   11.010915] [0;32m  OK  [0mcloud-init] [1095]: Started Daily apt upgrade and clean activities.ci-info: +++++++++++++++++++Route IPv6 info+++++++++++++++++++

[   11.014770] [cloud-init[0;32m  OK  [0m[1095]: ] ci-info: +-------+-------------+---------+-----------+-------+Reached target Timers.

[   11.015216] cloud-init[1095]: ci-info: | Route | Destination | Gateway | Interface | Flags |
         Starting Socket activation for snappy daemon.[   11.015846] cloud-init[1095]: ci-info: +-------+-------------+---------+-----------+-------+

[[   11.016371] [0;32m  OK  [0mcloud-init] [1095]: Reached target Cloud-config availability.ci-info: |   0   |  fe80::/64  |    ::   |   enp0s8  |   U   |

[   11.028995] cloud-init[[1095]: [0;32m  OK  [0mci-info: |   1   |  fe80::/64  |    ::   |   enp0s3  |   U   |] 
Reached target Network is Online.
[   11.029331] cloud-init[1095]: ci-info: |   4   |   ff00::/8  |    ::   |   enp0s8  |   U   |
[   11.036888] cloud-init[1095]: ci-info: |   5   |   ff00::/8  |    ::   |   enp0s3  |   U   |
[   11.038156] cloud-init[1095]: ci-info: +-------+-------------+---------+-----------+-------+
         Starting iSCSI initiator daemon (iscsid)...
[[0;32m  OK  [0m] Listening on Docker Socket for the API.
[[0;32m  OK  [0m] Listening on LXD - unix socket.
[[0;32m  OK  [0m] Listening on Socket activation for snappy daemon.
[[0;32m  OK  [0m] Reached target Sockets.
[[0;32m  OK  [0m] Reached target Basic System.
[[0;32m  OK  [0m] Started FUSE filesystem for LXC.
         Starting System Logging Service...
[[0;32m  OK  [0m] Started D-Bus System Message Bus.
         Starting LXD - container startup/shutdown...
         Starting Login Service...
         Starting LSB: Record successful boot for GRUB...
         Starting LSB: MD monitoring daemon...
         Starting containerd container runtime...
         Starting Virtualbox guest utils...
[[0;32m  OK  [0m] Started Regular background program processing daemon.
         Starting Snap Daemon...
[[0;32m  OK  [0m] Started ACPI event daemon.
         Starting OpenBSD Secure Shell server...
[[0;32m  OK  [0m] Started Deferred execution scheduler.
         Starting /etc/rc.local Compatibility...
         Starting Accounts Service...
[[0;32m  OK  [0m] Started System Logging Service.
[[0;32m  OK  [0m] Started iSCSI initiator daemon (iscsid).
[[0;32m  OK  [0m] Started /etc/rc.local Compatibility.
         Starting Login to default iSCSI targets...
[[0;32m  OK  [0m] Started Login Service.
[[0;32m  OK  [0m] Started Unattended Upgrades Shutdown.
[[0;32m  OK  [0m] Started LSB: Record successful boot for GRUB.
[[0;32m  OK  [0m] Started OpenBSD Secure Shell server.
[[0;32m  OK  [0m] Started LSB: MD monitoring daemon.
[[0;32m  OK  [0m] Started Login to default iSCSI targets.
[[0;32m  OK  [0m] Reached target Remote File Systems (Pre).
[[0;32m  OK  [0m] Reached target Remote File Systems.
         Starting LSB: daemon to balance interrupts for SMP systems...
         Starting LSB: automatic crash report generation...
         Starting LSB: Set the CPU Frequency Scaling governor to "ondemand"...
         Starting Permit User Sessions...
[[0;32m  OK  [0m] Started LXD - container startup/shutdown.
[[0;32m  OK  [0m] Started Virtualbox guest utils.
[[0;32m  OK  [0m] Started Permit User Sessions.
         Starting Authenticate and Authorize Users to Run Privileged Tasks...
         Starting Hold until boot process finishes up...
         Starting Terminate Plymouth Boot Screen...
[[0;32m  OK  [0m] Started LSB: daemon to balance interrupts for SMP systems.
[[0;32m  OK  [0m] Started LSB: automatic crash report generation.
[[0;32m  OK  [0m] Started LSB: Set the CPU Frequency Scaling governor to "ondemand".
[[0;32m  OK  [0m] Started Hold until boot process finishes up.
[[0;32m  OK  [0m] Started Terminate Plymouth Boot Screen.
[[0;32m  OK  [0m] Started Authenticate and Authorize Users to Run Privileged Tasks.
[[0;32m  OK  [0m] Started Accounts Service.
[[0;32m  OK  [0m] Started Getty on tty1.
[[0;32m  OK  [0m] Started Serial Getty on ttyS0.
[[0;32m  OK  [0m] Reached target Login Prompts.
         Starting Set console scheme...
[[0;32m  OK  [0m] Started Set console scheme.
[[0;32m  OK  [0m] Started Snap Daemon.
         Starting Wait until snapd is fully seeded...
[[0;32m  OK  [0m] Started containerd container runtime.
[[0;32m  OK  [0m] Started Wait until snapd is fully seeded.
         Starting Apply the settings specified in cloud-config...
         Starting Docker Application Container Engine...
[[0;32m  OK  [0m] Created slice User Slice of vagrant.
         Starting User Manager for UID 1000...
[[0;32m  OK  [0m] Started Session 1 of user vagrant.
[[0;32m  OK  [0m] Started User Manager for UID 1000.
[   12.031557] cloud-init[1368]: Cloud-init v. 20.4-0ubuntu1~16.04.2 running 'modules:config' at Wed, 20 Jan 2021 01:30:41 +0000. Up 11.94 seconds.
[[0;32m  OK  [0m] Started Apply the settings specified in cloud-config.
[[0;32m  OK  [0m] Started Docker Application Container Engine.
[[0;32m  OK  [0m] Reached target Multi-User System.
         Starting Execute cloud user/final scripts...
[[0;32m  OK  [0m] Reached target Graphical Interface.
         Starting Update UTMP about System Runlevel Changes...
[[0;32m  OK  [0m] Started Update UTMP about System Runlevel Changes.
[   12.882476] cloud-init[1684]: Cloud-init v. 20.4-0ubuntu1~16.04.2 running 'modules:final' at Wed, 20 Jan 2021 01:30:42 +0000. Up 12.80 seconds.
[   12.893334] cloud-init[1684]: Cloud-init v. 20.4-0ubuntu1~16.04.2 finished at Wed, 20 Jan 2021 01:30:42 +0000. Datasource DataSourceNoCloud [seed=/dev/sdb][dsmode=net].  Up 12.87 seconds
[[0;32m  OK  [0m] Started Execute cloud user/final scripts.
[[0;32m  OK  [0m] Reached target Cloud-init target.

Ubuntu 16.04.7 LTS app ttyS0

app login: 